// Jest Snapshot v1, https://goo.gl/fbAQLP

exports[`Mission view Should display chicken page 1`] = `
"<body>
  <div>
    <div>
      <div
        class=\\"MuiContainer-root MuiContainer-maxWidthLg css-1oqqzyl-MuiContainer-root\\"
        style=\\"background-color: rgba(255, 255, 255, 0); width: 100%; height: 80px; padding: 0px; position: relative;\\"
      />
      <div
        class=\\"MuiContainer-root MuiContainer-maxWidthLg css-1oqqzyl-MuiContainer-root\\"
        style=\\"width: 100%; padding: 0px; position: relative;\\"
      >
        <div
          class=\\"MuiBox-root css-0\\"
          style=\\"width: 100%; pointer-events: none; background-color: blue;\\"
        />
      </div>
      <p
        class=\\"MuiTypography-root MuiTypography-body1 css-ahj2mt-MuiTypography-root\\"
        style=\\"text-align: center; font-size: 11px;\\"
      >
         From 
        <a
          class=\\"MuiTypography-root MuiTypography-inherit MuiLink-root MuiLink-underlineAlways css-1bhi0za-MuiTypography-root-MuiLink-root\\"
        >
          https://flltutorials.com/
        </a>
      </p>
    </div>
  </div>
</body>"
`;
