// Jest Snapshot v1, https://goo.gl/fbAQLP

exports[`Robot view Should display robot page 1`] = `
"<body>
  <div>
    <div>
      <div
        class=\\"MuiContainer-root MuiContainer-maxWidthLg css-1oqqzyl-MuiContainer-root\\"
        style=\\"background-color: rgb(238, 238, 238); width: 100%; height: 80px;\\"
      />
      <div
        class=\\"MuiContainer-root MuiContainer-maxWidthLg css-1oqqzyl-MuiContainer-root\\"
        style=\\"background-color: rgb(238, 238, 238); font-size: 14px; padding-top: 20px; padding-bottom: 20px;\\"
      >
        <p
          class=\\"MuiTypography-root MuiTypography-body1 css-ahj2mt-MuiTypography-root\\"
          style=\\"text-align: center; font-size: 6rem;\\"
        >
          robot
        </p>
      </div>
      <div
        class=\\"MuiContainer-root MuiContainer-maxWidthLg css-1oqqzyl-MuiContainer-root\\"
        style=\\"position: relative; background-color: rgb(238, 238, 238); font-size: 14px; padding: 0px;\\"
      >
        <img
          alt=\\"robot\\"
          loading=\\"lazy\\"
          src=\\"view1.png\\"
          style=\\"position: relative; width: 100%; object-fit: cover;\\"
        />
      </div>
      <div
        class=\\"MuiStack-root css-13f3otb-MuiStack-root\\"
      >
         
        <nav
          aria-label=\\"pagination navigation\\"
          class=\\"MuiPagination-root MuiPagination-text css-1oj2twp-MuiPagination-root\\"
        >
          <ul
            class=\\"MuiPagination-ul css-wjh20t-MuiPagination-ul\\"
          >
            <li>
              <button
                aria-label=\\"Go to previous page\\"
                class=\\"MuiButtonBase-root Mui-disabled MuiPaginationItem-root MuiPaginationItem-sizeSmall MuiPaginationItem-text MuiPaginationItem-circular Mui-disabled MuiPaginationItem-previousNext css-1ba2zw7-MuiButtonBase-root-MuiPaginationItem-root\\"
                disabled=\\"\\"
                tabindex=\\"-1\\"
                type=\\"button\\"
              >
                <svg
                  aria-hidden=\\"true\\"
                  class=\\"MuiSvgIcon-root MuiSvgIcon-fontSizeMedium MuiPaginationItem-icon css-tnzq9a-MuiSvgIcon-root-MuiPaginationItem-icon\\"
                  data-testid=\\"NavigateBeforeIcon\\"
                  focusable=\\"false\\"
                  viewBox=\\"0 0 24 24\\"
                >
                  <path
                    d=\\"M15.41 7.41L14 6l-6 6 6 6 1.41-1.41L10.83 12z\\"
                  />
                </svg>
              </button>
            </li>
            <li>
              <button
                aria-current=\\"true\\"
                aria-label=\\"page 1\\"
                class=\\"MuiButtonBase-root MuiPaginationItem-root MuiPaginationItem-sizeSmall MuiPaginationItem-text MuiPaginationItem-circular Mui-selected MuiPaginationItem-page css-1ba2zw7-MuiButtonBase-root-MuiPaginationItem-root\\"
                tabindex=\\"0\\"
                type=\\"button\\"
              >
                1
                <span
                  class=\\"MuiTouchRipple-root css-8je8zh-MuiTouchRipple-root\\"
                />
              </button>
            </li>
            <li>
              <button
                aria-label=\\"Go to next page\\"
                class=\\"MuiButtonBase-root Mui-disabled MuiPaginationItem-root MuiPaginationItem-sizeSmall MuiPaginationItem-text MuiPaginationItem-circular Mui-disabled MuiPaginationItem-previousNext css-1ba2zw7-MuiButtonBase-root-MuiPaginationItem-root\\"
                disabled=\\"\\"
                tabindex=\\"-1\\"
                type=\\"button\\"
              >
                <svg
                  aria-hidden=\\"true\\"
                  class=\\"MuiSvgIcon-root MuiSvgIcon-fontSizeMedium MuiPaginationItem-icon css-tnzq9a-MuiSvgIcon-root-MuiPaginationItem-icon\\"
                  data-testid=\\"NavigateNextIcon\\"
                  focusable=\\"false\\"
                  viewBox=\\"0 0 24 24\\"
                >
                  <path
                    d=\\"M10 6L8.59 7.41 13.17 12l-4.58 4.59L10 18l6-6z\\"
                  />
                </svg>
              </button>
            </li>
          </ul>
        </nav>
      </div>
      <div
        class=\\"MuiContainer-root MuiContainer-maxWidthLg css-1oqqzyl-MuiContainer-root\\"
      >
        <p
          class=\\"MuiTypography-root MuiTypography-body1 css-ahj2mt-MuiTypography-root\\"
        />
        <p
          class=\\"MuiTypography-root MuiTypography-body1 css-ahj2mt-MuiTypography-root\\"
        />
      </div>
    </div>
  </div>
</body>"
`;
