// Jest Snapshot v1, https://goo.gl/fbAQLP

exports[`Team view Should display team page 1`] = `
"<body>
  <div
    id=\\"root\\"
  />
  <div>
    <div>
      <div
        class=\\"MuiContainer-root MuiContainer-maxWidthLg css-1oqqzyl-MuiContainer-root\\"
        style=\\"width: 100%; padding: 0px; position: relative;\\"
      >
        <div
          class=\\"MuiBox-root css-0\\"
          style=\\"width: 100%; pointer-events: none; background-color: blue;\\"
        />
      </div>
      <div
        class=\\"MuiContainer-root MuiContainer-maxWidthLg css-1oqqzyl-MuiContainer-root\\"
        style=\\"width: 100%; overflow-x: hidden; overflow-y: hidden;\\"
      >
        <h1
          class=\\"MuiTypography-root MuiTypography-h1 css-o2w69a-MuiTypography-root\\"
        >
          Our team
        </h1>
        <div
          class=\\"MuiGrid-root MuiGrid-container css-11lq3yg-MuiGrid-root\\"
        >
          <div
            class=\\"MuiGrid-root MuiGrid-item MuiGrid-grid-xs-24 MuiGrid-grid-sm-12 MuiGrid-grid-md-8 MuiGrid-grid-lg-6 css-14j1sok-MuiGrid-root\\"
            style=\\"padding: 0px;\\"
          >
            <div
              class=\\"MuiPaper-root MuiPaper-elevation MuiPaper-rounded MuiPaper-elevation4 MuiCard-root css-pgkxs3-MuiPaper-root-MuiCard-root\\"
              style=\\"background-color: rgb(238, 238, 238); margin: 10px;\\"
            >
              <div
                class=\\"MuiCardHeader-root css-185gdzj-MuiCardHeader-root\\"
                style=\\"background-color: rgb(238, 238, 238); padding: 5px 5px 5px 5px; text-align: center;\\"
              >
                <div
                  class=\\"MuiCardHeader-content css-1qbkelo-MuiCardHeader-content\\"
                >
                  <span
                    class=\\"MuiTypography-root MuiTypography-h5 MuiCardHeader-title css-6qyd8u-MuiTypography-root\\"
                  >
                    member1
                  </span>
                </div>
              </div>
              <div
                class=\\"MuiCardContent-root css-46bh2p-MuiCardContent-root\\"
                style=\\"background-color: rgb(238, 238, 238); padding: 5px;\\"
              >
                <p
                  class=\\"MuiTypography-root MuiTypography-body1 css-ahj2mt-MuiTypography-root\\"
                  style=\\"color: rgb(0, 0, 0); font-size: 14px; font-style: italic; padding-bottom: 10px;\\"
                >
                  \\"
                  member1
                  \\"
                </p>
                <div
                  class=\\"MuiGrid-root MuiGrid-container MuiGrid-spacing-xs-1 css-a5rdam-MuiGrid-root\\"
                >
                  <div
                    class=\\"MuiGrid-root MuiGrid-item MuiGrid-grid-xs-1 css-1osj8n2-MuiGrid-root\\"
                  >
                    <p
                      class=\\"MuiTypography-root MuiTypography-body1 css-ahj2mt-MuiTypography-root\\"
                      style=\\"color: rgb(0, 0, 0); font-size: 14px;\\"
                    >
                       Member : 
                    </p>
                  </div>
                  <div
                    class=\\"MuiGrid-root MuiGrid-item MuiGrid-grid-xs-1 css-1osj8n2-MuiGrid-root\\"
                  >
                    <div
                      class=\\"MuiPaper-root MuiPaper-elevation MuiPaper-rounded MuiPaper-elevation1 css-1ps6pg7-MuiPaper-root\\"
                      style=\\"background-color: rgb(61, 237, 151); padding-left: 5px; padding-right: 5px;\\"
                    >
                      <p
                        class=\\"MuiTypography-root MuiTypography-body1 css-ahj2mt-MuiTypography-root\\"
                        style=\\"color: rgb(255, 255, 255); font-size: 14px; font-weight: bold; text-align: center;\\"
                      >
                         
                        1970
                         - 
                         
                      </p>
                    </div>
                  </div>
                  <div
                    class=\\"MuiGrid-root MuiGrid-item MuiGrid-grid-xs-1 css-1osj8n2-MuiGrid-root\\"
                  >
                    <p
                      class=\\"MuiTypography-root MuiTypography-body1 css-ahj2mt-MuiTypography-root\\"
                      style=\\"color: rgb(0, 0, 0); font-size: 14px;\\"
                    >
                       Grade : 
                    </p>
                  </div>
                  <div
                    class=\\"MuiGrid-root MuiGrid-item MuiGrid-grid-xs-1 css-1osj8n2-MuiGrid-root\\"
                  >
                    <div
                      class=\\"MuiPaper-root MuiPaper-elevation MuiPaper-rounded MuiPaper-elevation1 css-1ps6pg7-MuiPaper-root\\"
                      style=\\"background-color: rgb(112, 125, 59); padding-left: 5px; padding-right: 5px;\\"
                    >
                      <p
                        class=\\"MuiTypography-root MuiTypography-body1 css-ahj2mt-MuiTypography-root\\"
                        style=\\"color: rgb(255, 255, 255); font-size: 14px; font-weight: bold; text-align: center;\\"
                      >
                         
                        8
                         
                      </p>
                    </div>
                  </div>
                  <div
                    class=\\"MuiGrid-root MuiGrid-item MuiGrid-grid-xs-1 css-1osj8n2-MuiGrid-root\\"
                  >
                    <p
                      class=\\"MuiTypography-root MuiTypography-body1 css-ahj2mt-MuiTypography-root\\"
                      style=\\"color: rgb(0, 0, 0); font-size: 14px;\\"
                    >
                       Coding : 
                    </p>
                  </div>
                  <div
                    class=\\"MuiGrid-root MuiGrid-item MuiGrid-grid-xs-1 css-1osj8n2-MuiGrid-root\\"
                  >
                    <div
                      class=\\"MuiPaper-root MuiPaper-elevation MuiPaper-rounded MuiPaper-elevation1 css-1ps6pg7-MuiPaper-root\\"
                      style=\\"background-color: rgb(132, 205, 84); padding-left: 5px; padding-right: 5px;\\"
                    >
                      <p
                        class=\\"MuiTypography-root MuiTypography-body1 css-ahj2mt-MuiTypography-root\\"
                        style=\\"color: rgb(255, 255, 255); font-size: 14px; font-weight: bold; text-align: center;\\"
                      >
                         
                        2
                         
                      </p>
                    </div>
                  </div>
                  <div
                    class=\\"MuiGrid-root MuiGrid-item MuiGrid-grid-xs-1 css-1osj8n2-MuiGrid-root\\"
                  >
                    <p
                      class=\\"MuiTypography-root MuiTypography-body1 css-ahj2mt-MuiTypography-root\\"
                      style=\\"color: rgb(0, 0, 0); font-size: 14px;\\"
                    >
                       Building : 
                    </p>
                  </div>
                  <div
                    class=\\"MuiGrid-root MuiGrid-item MuiGrid-grid-xs-1 css-1osj8n2-MuiGrid-root\\"
                  >
                    <div
                      class=\\"MuiPaper-root MuiPaper-elevation MuiPaper-rounded MuiPaper-elevation1 css-1ps6pg7-MuiPaper-root\\"
                      style=\\"background-color: rgb(133, 151, 128); padding-left: 5px; padding-right: 5px;\\"
                    >
                      <p
                        class=\\"MuiTypography-root MuiTypography-body1 css-ahj2mt-MuiTypography-root\\"
                        style=\\"color: rgb(255, 255, 255); font-size: 14px; font-weight: bold; text-align: center;\\"
                      >
                         
                        2
                         
                      </p>
                    </div>
                  </div>
                </div>
              </div>
            </div>
          </div>
          <div
            class=\\"MuiGrid-root MuiGrid-item MuiGrid-grid-xs-24 MuiGrid-grid-sm-12 MuiGrid-grid-md-8 MuiGrid-grid-lg-6 css-14j1sok-MuiGrid-root\\"
            style=\\"padding: 0px;\\"
          >
            <div
              class=\\"MuiPaper-root MuiPaper-elevation MuiPaper-rounded MuiPaper-elevation4 MuiCard-root css-pgkxs3-MuiPaper-root-MuiCard-root\\"
              style=\\"background-color: rgb(238, 238, 238); margin: 10px;\\"
            >
              <div
                class=\\"MuiCardHeader-root css-185gdzj-MuiCardHeader-root\\"
                style=\\"background-color: rgb(238, 238, 238); padding: 5px 5px 5px 5px; text-align: center;\\"
              >
                <div
                  class=\\"MuiCardHeader-content css-1qbkelo-MuiCardHeader-content\\"
                >
                  <span
                    class=\\"MuiTypography-root MuiTypography-h5 MuiCardHeader-title css-6qyd8u-MuiTypography-root\\"
                  >
                    member2
                  </span>
                </div>
              </div>
              <div
                class=\\"MuiCardContent-root css-46bh2p-MuiCardContent-root\\"
                style=\\"background-color: rgb(238, 238, 238); padding: 5px;\\"
              >
                <p
                  class=\\"MuiTypography-root MuiTypography-body1 css-ahj2mt-MuiTypography-root\\"
                  style=\\"color: rgb(0, 0, 0); font-size: 14px; font-style: italic; padding-bottom: 10px;\\"
                >
                  \\"
                  member2
                  \\"
                </p>
                <div
                  class=\\"MuiGrid-root MuiGrid-container MuiGrid-spacing-xs-1 css-a5rdam-MuiGrid-root\\"
                >
                  <div
                    class=\\"MuiGrid-root MuiGrid-item MuiGrid-grid-xs-1 css-1osj8n2-MuiGrid-root\\"
                  >
                    <p
                      class=\\"MuiTypography-root MuiTypography-body1 css-ahj2mt-MuiTypography-root\\"
                      style=\\"color: rgb(0, 0, 0); font-size: 14px;\\"
                    >
                       Member : 
                    </p>
                  </div>
                  <div
                    class=\\"MuiGrid-root MuiGrid-item MuiGrid-grid-xs-1 css-1osj8n2-MuiGrid-root\\"
                  >
                    <div
                      class=\\"MuiPaper-root MuiPaper-elevation MuiPaper-rounded MuiPaper-elevation1 css-1ps6pg7-MuiPaper-root\\"
                      style=\\"background-color: rgb(61, 237, 151); padding-left: 5px; padding-right: 5px;\\"
                    >
                      <p
                        class=\\"MuiTypography-root MuiTypography-body1 css-ahj2mt-MuiTypography-root\\"
                        style=\\"color: rgb(255, 255, 255); font-size: 14px; font-weight: bold; text-align: center;\\"
                      >
                         
                        1970
                         - 
                         
                      </p>
                    </div>
                  </div>
                  <div
                    class=\\"MuiGrid-root MuiGrid-item MuiGrid-grid-xs-1 css-1osj8n2-MuiGrid-root\\"
                  >
                    <p
                      class=\\"MuiTypography-root MuiTypography-body1 css-ahj2mt-MuiTypography-root\\"
                      style=\\"color: rgb(0, 0, 0); font-size: 14px;\\"
                    >
                       Grade : 
                    </p>
                  </div>
                  <div
                    class=\\"MuiGrid-root MuiGrid-item MuiGrid-grid-xs-1 css-1osj8n2-MuiGrid-root\\"
                  >
                    <div
                      class=\\"MuiPaper-root MuiPaper-elevation MuiPaper-rounded MuiPaper-elevation1 css-1ps6pg7-MuiPaper-root\\"
                      style=\\"background-color: rgb(112, 125, 59); padding-left: 5px; padding-right: 5px;\\"
                    >
                      <p
                        class=\\"MuiTypography-root MuiTypography-body1 css-ahj2mt-MuiTypography-root\\"
                        style=\\"color: rgb(255, 255, 255); font-size: 14px; font-weight: bold; text-align: center;\\"
                      >
                         
                        7
                         
                      </p>
                    </div>
                  </div>
                  <div
                    class=\\"MuiGrid-root MuiGrid-item MuiGrid-grid-xs-1 css-1osj8n2-MuiGrid-root\\"
                  >
                    <p
                      class=\\"MuiTypography-root MuiTypography-body1 css-ahj2mt-MuiTypography-root\\"
                      style=\\"color: rgb(0, 0, 0); font-size: 14px;\\"
                    >
                       Coding : 
                    </p>
                  </div>
                  <div
                    class=\\"MuiGrid-root MuiGrid-item MuiGrid-grid-xs-1 css-1osj8n2-MuiGrid-root\\"
                  >
                    <div
                      class=\\"MuiPaper-root MuiPaper-elevation MuiPaper-rounded MuiPaper-elevation1 css-1ps6pg7-MuiPaper-root\\"
                      style=\\"background-color: rgb(132, 205, 84); padding-left: 5px; padding-right: 5px;\\"
                    >
                      <p
                        class=\\"MuiTypography-root MuiTypography-body1 css-ahj2mt-MuiTypography-root\\"
                        style=\\"color: rgb(255, 255, 255); font-size: 14px; font-weight: bold; text-align: center;\\"
                      >
                         
                        1
                         
                      </p>
                    </div>
                  </div>
                  <div
                    class=\\"MuiGrid-root MuiGrid-item MuiGrid-grid-xs-1 css-1osj8n2-MuiGrid-root\\"
                  >
                    <p
                      class=\\"MuiTypography-root MuiTypography-body1 css-ahj2mt-MuiTypography-root\\"
                      style=\\"color: rgb(0, 0, 0); font-size: 14px;\\"
                    >
                       Building : 
                    </p>
                  </div>
                  <div
                    class=\\"MuiGrid-root MuiGrid-item MuiGrid-grid-xs-1 css-1osj8n2-MuiGrid-root\\"
                  >
                    <div
                      class=\\"MuiPaper-root MuiPaper-elevation MuiPaper-rounded MuiPaper-elevation1 css-1ps6pg7-MuiPaper-root\\"
                      style=\\"background-color: rgb(133, 151, 128); padding-left: 5px; padding-right: 5px;\\"
                    >
                      <p
                        class=\\"MuiTypography-root MuiTypography-body1 css-ahj2mt-MuiTypography-root\\"
                        style=\\"color: rgb(255, 255, 255); font-size: 14px; font-weight: bold; text-align: center;\\"
                      >
                         
                        1
                         
                      </p>
                    </div>
                  </div>
                </div>
              </div>
            </div>
          </div>
        </div>
      </div>
      <div
        class=\\"MuiContainer-root MuiContainer-maxWidthLg css-1oqqzyl-MuiContainer-root\\"
        style=\\"width: 100%; overflow-x: hidden; overflow-y: hidden;\\"
      >
        <h1
          class=\\"MuiTypography-root MuiTypography-h1 css-o2w69a-MuiTypography-root\\"
        >
          Our alumni
        </h1>
        <div
          class=\\"MuiGrid-root MuiGrid-container css-11lq3yg-MuiGrid-root\\"
        >
          <div
            class=\\"MuiGrid-root MuiGrid-item MuiGrid-grid-xs-24 MuiGrid-grid-sm-12 MuiGrid-grid-md-8 MuiGrid-grid-lg-6 css-14j1sok-MuiGrid-root\\"
            style=\\"padding: 0px;\\"
          >
            <div
              class=\\"MuiPaper-root MuiPaper-elevation MuiPaper-rounded MuiPaper-elevation4 MuiCard-root css-pgkxs3-MuiPaper-root-MuiCard-root\\"
              style=\\"background-color: rgb(238, 238, 238); margin: 10px;\\"
            >
              <div
                class=\\"MuiCardHeader-root css-185gdzj-MuiCardHeader-root\\"
                style=\\"background-color: rgb(238, 238, 238); padding: 5px 5px 5px 5px; text-align: center;\\"
              >
                <div
                  class=\\"MuiCardHeader-content css-1qbkelo-MuiCardHeader-content\\"
                >
                  <span
                    class=\\"MuiTypography-root MuiTypography-h5 MuiCardHeader-title css-6qyd8u-MuiTypography-root\\"
                  >
                    member3
                  </span>
                </div>
              </div>
              <div
                class=\\"MuiCardContent-root css-46bh2p-MuiCardContent-root\\"
                style=\\"background-color: rgb(238, 238, 238); padding: 5px;\\"
              >
                <p
                  class=\\"MuiTypography-root MuiTypography-body1 css-ahj2mt-MuiTypography-root\\"
                  style=\\"color: rgb(0, 0, 0); font-size: 14px; font-style: italic;\\"
                >
                  \\"
                  member3
                  \\"
                </p>
                <div
                  class=\\"MuiGrid-root MuiGrid-container MuiGrid-spacing-xs-1 css-a5rdam-MuiGrid-root\\"
                >
                  <div
                    class=\\"MuiGrid-root MuiGrid-item MuiGrid-grid-xs-1 css-1osj8n2-MuiGrid-root\\"
                  >
                    <p
                      class=\\"MuiTypography-root MuiTypography-body1 css-ahj2mt-MuiTypography-root\\"
                      style=\\"color: rgb(0, 0, 0); font-size: 14px;\\"
                    >
                       Member : 
                    </p>
                  </div>
                  <div
                    class=\\"MuiGrid-root MuiGrid-item MuiGrid-grid-xs-1 css-1osj8n2-MuiGrid-root\\"
                  >
                    <div
                      class=\\"MuiPaper-root MuiPaper-elevation MuiPaper-rounded MuiPaper-elevation1 css-1ps6pg7-MuiPaper-root\\"
                      style=\\"background-color: rgb(61, 237, 151); padding-left: 5px; padding-right: 5px;\\"
                    >
                      <p
                        class=\\"MuiTypography-root MuiTypography-body1 css-ahj2mt-MuiTypography-root\\"
                        style=\\"color: rgb(255, 255, 255); font-size: 14px; font-weight: bold; text-align: center;\\"
                      >
                         
                        1970
                         - 
                        1970
                         
                      </p>
                    </div>
                  </div>
                  <div
                    class=\\"MuiGrid-root MuiGrid-item MuiGrid-grid-xs-1 css-1osj8n2-MuiGrid-root\\"
                  >
                    <p
                      class=\\"MuiTypography-root MuiTypography-body1 css-ahj2mt-MuiTypography-root\\"
                      style=\\"color: rgb(0, 0, 0); font-size: 14px;\\"
                    >
                       Coding : 
                    </p>
                  </div>
                  <div
                    class=\\"MuiGrid-root MuiGrid-item MuiGrid-grid-xs-1 css-1osj8n2-MuiGrid-root\\"
                  >
                    <div
                      class=\\"MuiPaper-root MuiPaper-elevation MuiPaper-rounded MuiPaper-elevation1 css-1ps6pg7-MuiPaper-root\\"
                      style=\\"background-color: rgb(132, 205, 84); padding-left: 5px; padding-right: 5px;\\"
                    >
                      <p
                        class=\\"MuiTypography-root MuiTypography-body1 css-ahj2mt-MuiTypography-root\\"
                        style=\\"color: rgb(255, 255, 255); font-size: 14px; font-weight: bold; text-align: center;\\"
                      >
                         
                        1
                         
                      </p>
                    </div>
                  </div>
                  <div
                    class=\\"MuiGrid-root MuiGrid-item MuiGrid-grid-xs-1 css-1osj8n2-MuiGrid-root\\"
                  >
                    <p
                      class=\\"MuiTypography-root MuiTypography-body1 css-ahj2mt-MuiTypography-root\\"
                      style=\\"color: rgb(0, 0, 0); font-size: 14px;\\"
                    >
                       Building : 
                    </p>
                  </div>
                  <div
                    class=\\"MuiGrid-root MuiGrid-item MuiGrid-grid-xs-1 css-1osj8n2-MuiGrid-root\\"
                  >
                    <div
                      class=\\"MuiPaper-root MuiPaper-elevation MuiPaper-rounded MuiPaper-elevation1 css-1ps6pg7-MuiPaper-root\\"
                      style=\\"background-color: rgb(133, 151, 128); padding-left: 5px; padding-right: 5px;\\"
                    >
                      <p
                        class=\\"MuiTypography-root MuiTypography-body1 css-ahj2mt-MuiTypography-root\\"
                        style=\\"color: rgb(255, 255, 255); font-size: 14px; font-weight: bold; text-align: center;\\"
                      >
                         
                        2
                         
                      </p>
                    </div>
                  </div>
                </div>
              </div>
            </div>
          </div>
        </div>
      </div>
    </div>
  </div>
</body>"
`;
