// Jest Snapshot v1, https://goo.gl/fbAQLP

exports[`Cookies component Should enable cookies activation and deactivation 1`] = `
"<body>
  <div
    id=\\"root\\"
  />
  <div>
    <div>
      <div
        class=\\"MuiPaper-root MuiPaper-elevation MuiPaper-elevation1 css-1p2ttux-MuiPaper-root\\"
        id=\\"cookies\\"
        style=\\"background-color: white; position: relative; padding: 10px 10px 10px 10px; bottom: 0px;\\"
      >
        <p
          class=\\"MuiTypography-root MuiTypography-body1 css-15v4sip-MuiTypography-root\\"
          style=\\"color: rgb(255, 255, 255);\\"
        >
          We use cookies to enable the proper functioning and security of our websites, and help us offer you the best possible user experience. By clicking Accept, you consent to the use of these cookies for advertising and analytics. You can change your cookie settings at any time. For more information, please read our
          <a
            class=\\"MuiTypography-root MuiTypography-inherit MuiLink-root MuiLink-underlineAlways css-uzv0uc-MuiTypography-root-MuiLink-root\\"
            href=\\"/policy\\"
            style=\\"color: rgb(255, 255, 255);\\"
          >
            cookie policy
          </a>
        </p>
        <button
          aria-label=\\"accept\\"
          class=\\"MuiButtonBase-root MuiButton-root MuiButton-text MuiButton-textPrimary MuiButton-sizeMedium MuiButton-textSizeMedium MuiButton-root MuiButton-text MuiButton-textPrimary MuiButton-sizeMedium MuiButton-textSizeMedium css-jnjbjn-MuiButtonBase-root-MuiButton-root\\"
          style=\\"background-color: rgb(255, 255, 255); margin: 10px;\\"
          tabindex=\\"0\\"
          type=\\"button\\"
        >
          <p
            class=\\"MuiTypography-root MuiTypography-body1 css-15v4sip-MuiTypography-root\\"
            style=\\"color: white; font-weight: bold;\\"
          >
            Accept
          </p>
          <span
            class=\\"MuiTouchRipple-root css-8je8zh-MuiTouchRipple-root\\"
          />
        </button>
        <button
          aria-label=\\"decline\\"
          class=\\"MuiButtonBase-root MuiButton-root MuiButton-text MuiButton-textPrimary MuiButton-sizeMedium MuiButton-textSizeMedium MuiButton-root MuiButton-text MuiButton-textPrimary MuiButton-sizeMedium MuiButton-textSizeMedium css-jnjbjn-MuiButtonBase-root-MuiButton-root\\"
          style=\\"background-color: rgb(255, 255, 255); margin: 10px;\\"
          tabindex=\\"0\\"
          type=\\"button\\"
        >
          <p
            class=\\"MuiTypography-root MuiTypography-body1 css-15v4sip-MuiTypography-root\\"
            style=\\"color: white; font-weight: bold;\\"
          >
            Decline
          </p>
          <span
            class=\\"MuiTouchRipple-root css-8je8zh-MuiTouchRipple-root\\"
          />
        </button>
      </div>
    </div>
  </div>
</body>"
`;
